<?xml version="1.0" encoding="utf-8"?><testsuites><testsuite name="pytest" errors="0" failures="0" skipped="0" tests="2" time="0.021" timestamp="2025-03-11T15:45:59.446773-04:00" hostname="XRVJG21C29.local"><testcase classname="tests.test_calculator" name="test_add" file="tests/test_calculator.py" line="2" time="0.001" /><testcase classname="tests.test_calculator" name="test_subtract" file="tests/test_calculator.py" line="6" time="0.001" /></testsuite></testsuites>